[2023-08-04 23:13:25] production.ERROR: [2023-08-04T23:13:25+0600] Invalid API key: 'test_inu28D6DUpn5wnQhTnzB'. An API key must start with 'test_' or 'live_' and must be at least 30 characters long. {"exception":"[object] (Mollie\\Api\\Exceptions\\ApiException(code: 0): [2023-08-04T23:13:25+0600] Invalid API key: 'test_inu28D6DUpn5wnQhTnzB'. An API key must start with 'test_' or 'live_' and must be at least 30 characters long. at F:\\www\\hyiprio-client\\vendor\\mollie\\mollie-api-php\\src\\MollieApiClient.php:449)
[stacktrace]
#0 F:\\www\\hyiprio-client\\vendor\\mollie\\laravel-mollie\\src\\Wrappers\\MollieApiWrapper.php(98): Mollie\\Api\\MollieApiClient->setApiKey('test_inu28D6DUp...')
#1 F:\\www\\hyiprio-client\\app\\Providers\\GatewayServiceProvider.php(57): Mollie\\Laravel\\Wrappers\\MollieApiWrapper->setApiKey('test_inu28D6DUp...')
#2 F:\\www\\hyiprio-client\\vendor\\laravel\\framework\\src\\Illuminate\\Container\\BoundMethod.php(36): App\\Providers\\GatewayServiceProvider->boot()
#3 F:\\www\\hyiprio-client\\vendor\\laravel\\framework\\src\\Illuminate\\Container\\Util.php(41): Illuminate\\Container\\BoundMethod::Illuminate\\Container\\{closure}()
#4 F:\\www\\hyiprio-client\\vendor\\laravel\\framework\\src\\Illuminate\\Container\\BoundMethod.php(93): Illuminate\\Container\\Util::unwrapIfClosure(Object(Closure))
#5 F:\\www\\hyiprio-client\\vendor\\laravel\\framework\\src\\Illuminate\\Container\\BoundMethod.php(37): Illuminate\\Container\\BoundMethod::callBoundMethod(Object(Illuminate\\Foundation\\Application), Array, Object(Closure))
#6 F:\\www\\hyiprio-client\\vendor\\laravel\\framework\\src\\Illuminate\\Container\\Container.php(661): Illuminate\\Container\\BoundMethod::call(Object(Illuminate\\Foundation\\Application), Array, Array, NULL)
#7 F:\\www\\hyiprio-client\\vendor\\laravel\\framework\\src\\Illuminate\\Foundation\\Application.php(929): Illuminate\\Container\\Container->call(Array)
#8 F:\\www\\hyiprio-client\\vendor\\laravel\\framework\\src\\Illuminate\\Foundation\\Application.php(910): Illuminate\\Foundation\\Application->bootProvider(Object(App\\Providers\\GatewayServiceProvider))
#9 [internal function]: Illuminate\\Foundation\\Application->Illuminate\\Foundation\\{closure}(Object(App\\Providers\\GatewayServiceProvider), 41)
#10 F:\\www\\hyiprio-client\\vendor\\laravel\\framework\\src\\Illuminate\\Foundation\\Application.php(911): array_walk(Array, Object(Closure))
#11 F:\\www\\hyiprio-client\\vendor\\laravel\\framework\\src\\Illuminate\\Foundation\\Bootstrap\\BootProviders.php(17): Illuminate\\Foundation\\Application->boot()
#12 F:\\www\\hyiprio-client\\vendor\\laravel\\framework\\src\\Illuminate\\Foundation\\Application.php(242): Illuminate\\Foundation\\Bootstrap\\BootProviders->bootstrap(Object(Illuminate\\Foundation\\Application))
#13 F:\\www\\hyiprio-client\\vendor\\laravel\\framework\\src\\Illuminate\\Foundation\\Http\\Kernel.php(176): Illuminate\\Foundation\\Application->bootstrapWith(Array)
#14 F:\\www\\hyiprio-client\\vendor\\laravel\\framework\\src\\Illuminate\\Foundation\\Http\\Kernel.php(160): Illuminate\\Foundation\\Http\\Kernel->bootstrap()
#15 F:\\www\\hyiprio-client\\vendor\\laravel\\framework\\src\\Illuminate\\Foundation\\Http\\Kernel.php(134): Illuminate\\Foundation\\Http\\Kernel->sendRequestThroughRouter(Object(Illuminate\\Http\\Request))
#16 F:\\www\\hyiprio-client\\index.php(52): Illuminate\\Foundation\\Http\\Kernel->handle(Object(Illuminate\\Http\\Request))
#17 {main}
"} 
[2023-08-04 23:14:19] production.ERROR: [2023-08-04T23:14:19+0600] Invalid API key: 'test_inu28D6DUpn5wnQhTnzB'. An API key must start with 'test_' or 'live_' and must be at least 30 characters long. {"exception":"[object] (Mollie\\Api\\Exceptions\\ApiException(code: 0): [2023-08-04T23:14:19+0600] Invalid API key: 'test_inu28D6DUpn5wnQhTnzB'. An API key must start with 'test_' or 'live_' and must be at least 30 characters long. at F:\\www\\hyiprio-client\\vendor\\mollie\\mollie-api-php\\src\\MollieApiClient.php:449)
[stacktrace]
#0 F:\\www\\hyiprio-client\\vendor\\mollie\\laravel-mollie\\src\\Wrappers\\MollieApiWrapper.php(98): Mollie\\Api\\MollieApiClient->setApiKey('test_inu28D6DUp...')
#1 F:\\www\\hyiprio-client\\app\\Providers\\GatewayServiceProvider.php(57): Mollie\\Laravel\\Wrappers\\MollieApiWrapper->setApiKey('test_inu28D6DUp...')
#2 F:\\www\\hyiprio-client\\vendor\\laravel\\framework\\src\\Illuminate\\Container\\BoundMethod.php(36): App\\Providers\\GatewayServiceProvider->boot()
#3 F:\\www\\hyiprio-client\\vendor\\laravel\\framework\\src\\Illuminate\\Container\\Util.php(41): Illuminate\\Container\\BoundMethod::Illuminate\\Container\\{closure}()
#4 F:\\www\\hyiprio-client\\vendor\\laravel\\framework\\src\\Illuminate\\Container\\BoundMethod.php(93): Illuminate\\Container\\Util::unwrapIfClosure(Object(Closure))
#5 F:\\www\\hyiprio-client\\vendor\\laravel\\framework\\src\\Illuminate\\Container\\BoundMethod.php(37): Illuminate\\Container\\BoundMethod::callBoundMethod(Object(Illuminate\\Foundation\\Application), Array, Object(Closure))
#6 F:\\www\\hyiprio-client\\vendor\\laravel\\framework\\src\\Illuminate\\Container\\Container.php(661): Illuminate\\Container\\BoundMethod::call(Object(Illuminate\\Foundation\\Application), Array, Array, NULL)
#7 F:\\www\\hyiprio-client\\vendor\\laravel\\framework\\src\\Illuminate\\Foundation\\Application.php(929): Illuminate\\Container\\Container->call(Array)
#8 F:\\www\\hyiprio-client\\vendor\\laravel\\framework\\src\\Illuminate\\Foundation\\Application.php(910): Illuminate\\Foundation\\Application->bootProvider(Object(App\\Providers\\GatewayServiceProvider))
#9 [internal function]: Illuminate\\Foundation\\Application->Illuminate\\Foundation\\{closure}(Object(App\\Providers\\GatewayServiceProvider), 41)
#10 F:\\www\\hyiprio-client\\vendor\\laravel\\framework\\src\\Illuminate\\Foundation\\Application.php(911): array_walk(Array, Object(Closure))
#11 F:\\www\\hyiprio-client\\vendor\\laravel\\framework\\src\\Illuminate\\Foundation\\Bootstrap\\BootProviders.php(17): Illuminate\\Foundation\\Application->boot()
#12 F:\\www\\hyiprio-client\\vendor\\laravel\\framework\\src\\Illuminate\\Foundation\\Application.php(242): Illuminate\\Foundation\\Bootstrap\\BootProviders->bootstrap(Object(Illuminate\\Foundation\\Application))
#13 F:\\www\\hyiprio-client\\vendor\\laravel\\framework\\src\\Illuminate\\Foundation\\Http\\Kernel.php(176): Illuminate\\Foundation\\Application->bootstrapWith(Array)
#14 F:\\www\\hyiprio-client\\vendor\\laravel\\framework\\src\\Illuminate\\Foundation\\Http\\Kernel.php(160): Illuminate\\Foundation\\Http\\Kernel->bootstrap()
#15 F:\\www\\hyiprio-client\\vendor\\laravel\\framework\\src\\Illuminate\\Foundation\\Http\\Kernel.php(134): Illuminate\\Foundation\\Http\\Kernel->sendRequestThroughRouter(Object(Illuminate\\Http\\Request))
#16 F:\\www\\hyiprio-client\\index.php(52): Illuminate\\Foundation\\Http\\Kernel->handle(Object(Illuminate\\Http\\Request))
#17 {main}
"} 
[2023-08-04 23:14:20] production.ERROR: [2023-08-04T23:14:20+0600] Invalid API key: 'test_inu28D6DUpn5wnQhTnzB'. An API key must start with 'test_' or 'live_' and must be at least 30 characters long. {"exception":"[object] (Mollie\\Api\\Exceptions\\ApiException(code: 0): [2023-08-04T23:14:20+0600] Invalid API key: 'test_inu28D6DUpn5wnQhTnzB'. An API key must start with 'test_' or 'live_' and must be at least 30 characters long. at F:\\www\\hyiprio-client\\vendor\\mollie\\mollie-api-php\\src\\MollieApiClient.php:449)
[stacktrace]
#0 F:\\www\\hyiprio-client\\vendor\\mollie\\laravel-mollie\\src\\Wrappers\\MollieApiWrapper.php(98): Mollie\\Api\\MollieApiClient->setApiKey('test_inu28D6DUp...')
#1 F:\\www\\hyiprio-client\\app\\Providers\\GatewayServiceProvider.php(57): Mollie\\Laravel\\Wrappers\\MollieApiWrapper->setApiKey('test_inu28D6DUp...')
#2 F:\\www\\hyiprio-client\\vendor\\laravel\\framework\\src\\Illuminate\\Container\\BoundMethod.php(36): App\\Providers\\GatewayServiceProvider->boot()
#3 F:\\www\\hyiprio-client\\vendor\\laravel\\framework\\src\\Illuminate\\Container\\Util.php(41): Illuminate\\Container\\BoundMethod::Illuminate\\Container\\{closure}()
#4 F:\\www\\hyiprio-client\\vendor\\laravel\\framework\\src\\Illuminate\\Container\\BoundMethod.php(93): Illuminate\\Container\\Util::unwrapIfClosure(Object(Closure))
#5 F:\\www\\hyiprio-client\\vendor\\laravel\\framework\\src\\Illuminate\\Container\\BoundMethod.php(37): Illuminate\\Container\\BoundMethod::callBoundMethod(Object(Illuminate\\Foundation\\Application), Array, Object(Closure))
#6 F:\\www\\hyiprio-client\\vendor\\laravel\\framework\\src\\Illuminate\\Container\\Container.php(661): Illuminate\\Container\\BoundMethod::call(Object(Illuminate\\Foundation\\Application), Array, Array, NULL)
#7 F:\\www\\hyiprio-client\\vendor\\laravel\\framework\\src\\Illuminate\\Foundation\\Application.php(929): Illuminate\\Container\\Container->call(Array)
#8 F:\\www\\hyiprio-client\\vendor\\laravel\\framework\\src\\Illuminate\\Foundation\\Application.php(910): Illuminate\\Foundation\\Application->bootProvider(Object(App\\Providers\\GatewayServiceProvider))
#9 [internal function]: Illuminate\\Foundation\\Application->Illuminate\\Foundation\\{closure}(Object(App\\Providers\\GatewayServiceProvider), 41)
#10 F:\\www\\hyiprio-client\\vendor\\laravel\\framework\\src\\Illuminate\\Foundation\\Application.php(911): array_walk(Array, Object(Closure))
#11 F:\\www\\hyiprio-client\\vendor\\laravel\\framework\\src\\Illuminate\\Foundation\\Bootstrap\\BootProviders.php(17): Illuminate\\Foundation\\Application->boot()
#12 F:\\www\\hyiprio-client\\vendor\\laravel\\framework\\src\\Illuminate\\Foundation\\Application.php(242): Illuminate\\Foundation\\Bootstrap\\BootProviders->bootstrap(Object(Illuminate\\Foundation\\Application))
#13 F:\\www\\hyiprio-client\\vendor\\laravel\\framework\\src\\Illuminate\\Foundation\\Http\\Kernel.php(176): Illuminate\\Foundation\\Application->bootstrapWith(Array)
#14 F:\\www\\hyiprio-client\\vendor\\laravel\\framework\\src\\Illuminate\\Foundation\\Http\\Kernel.php(160): Illuminate\\Foundation\\Http\\Kernel->bootstrap()
#15 F:\\www\\hyiprio-client\\vendor\\laravel\\framework\\src\\Illuminate\\Foundation\\Http\\Kernel.php(134): Illuminate\\Foundation\\Http\\Kernel->sendRequestThroughRouter(Object(Illuminate\\Http\\Request))
#16 F:\\www\\hyiprio-client\\index.php(52): Illuminate\\Foundation\\Http\\Kernel->handle(Object(Illuminate\\Http\\Request))
#17 {main}
"} 
